// Jest Snapshot v1, https://goo.gl/fbAQLP

exports[`markDownToHtml() Returns string of HTML tags 1`] = `
"<h2>Test Assertion</h2>
"
`;
