// Jest Snapshot v1, https://goo.gl/fbAQLP

exports[`Post renders 1`] = `
<div>
  <h1 />
  <div
    class="max-w-2xl mx-auto"
  >
    <div
      class="markdown"
    />
  </div>
</div>
`;
