// Jest Snapshot v1, https://goo.gl/fbAQLP

exports[`PostPreview renders 1`] = `
<div
  class="post_margin"
>
  <h4>
    <a
      class="post_name"
      href="/posts/test_slug"
    >
      ðŸ“‹ 
      test title
      ,
      <span
        class="post_published_date"
      >
         ðŸ“† 
        2020.04.05
      </span>
    </a>
  </h4>
  <p
    class="post_description"
  >
    test description
  </p>
</div>
`;
